@map1 25 25 newTerrain
1,0,Grass:0,1,Grass:1,0,Grass:1,0,Grass:1,0,Grass:1,0,Grass:1,0,Grass:5,0,Water:1,0,Grass:1,0,Grass:1,0,Grass:0,0,Blank:0,0,Blank:0,0,Blank:0,0,Blank:0,0,Blank:0,0,Blank:0,0,Blank:0,0,Blank:0,0,Blank:0,0,Blank:0,0,Blank:0,0,Blank:0,0,Blank:0,0,Blank
3,0,Cliff:3,0,Cliff:3,0,Cliff:4,0,Cliff:1,0,Grass:2,0,Cliff:3,0,Cliff:5,0,Water:3,0,Cliff:4,0,Cliff:2,0,Cliff:0,0,Blank:0,0,Blank:0,0,Blank:0,0,Blank:0,0,Blank:0,0,Blank:0,0,Blank:0,0,Blank:0,0,Blank:0,0,Blank:0,0,Blank:0,0,Blank:0,0,Blank:0,0,Blank
3,1,Cliff:3,1,Cliff:3,1,Cliff:4,1,Cliff:1,0,Grass:2,1,Cliff:3,1,Cliff:5,0,Water:3,1,Cliff:4,1,Cliff:2,1,Cliff:0,0,Blank:0,0,Blank:0,0,Blank:0,0,Blank:0,0,Blank:0,0,Blank:0,0,Blank:0,0,Blank:0,0,Blank:0,0,Blank:0,0,Blank:0,0,Blank:0,0,Blank:0,0,Blank
1,0,Grass:1,0,Grass:1,0,Grass:1,0,Grass:1,0,Grass:1,0,Grass:1,0,Grass:5,0,Water:1,0,Grass:1,0,Grass:1,0,Grass:0,0,Blank:0,0,Blank:0,0,Blank:0,0,Blank:0,0,Blank:0,0,Blank:0,0,Blank:0,0,Blank:0,0,Blank:0,0,Blank:0,0,Blank:0,0,Blank:0,0,Blank:0,0,Blank
1,0,Grass:1,0,Grass:1,0,Grass:1,0,Grass:1,0,Grass:1,0,Grass:2,0,Cliff:5,0,Water:4,0,Cliff:1,0,Grass:0,1,Grass:0,0,Blank:0,0,Blank:0,0,Blank:0,0,Blank:0,0,Blank:0,0,Blank:0,0,Blank:0,0,Blank:0,0,Blank:0,0,Blank:0,0,Blank:0,0,Blank:0,0,Blank:0,0,Blank
1,0,Grass:1,0,Grass:1,0,Grass:1,0,Grass:0,1,Grass:1,0,Grass:2,1,Cliff:5,0,Water:4,1,Cliff:1,0,Grass:1,0,Grass:0,0,Blank:0,0,Blank:0,0,Blank:0,0,Blank:0,0,Blank:0,0,Blank:0,0,Blank:0,0,Blank:0,0,Blank:0,0,Blank:0,0,Blank:0,0,Blank:0,0,Blank:0,0,Blank
0,1,Grass:1,0,Grass:1,0,Grass:0,1,Grass:1,0,Grass:1,0,Grass:2,0,Cliff:5,0,Water:3,0,Cliff:3,0,Cliff:3,0,Cliff:0,0,Blank:0,0,Blank:0,0,Blank:0,0,Blank:0,0,Blank:0,0,Blank:0,0,Blank:0,0,Blank:0,0,Blank:0,0,Blank:0,0,Blank:0,0,Blank:0,0,Blank:0,0,Blank
1,0,Grass:1,0,Grass:1,0,Grass:1,0,Grass:1,0,Grass:2,0,Cliff:4,1,Cliff:5,0,Water:5,0,Water:5,0,Water:5,0,Water:0,0,Blank:0,0,Blank:0,0,Blank:0,0,Blank:0,0,Blank:0,0,Blank:0,0,Blank:0,0,Blank:0,0,Blank:0,0,Blank:0,0,Blank:0,0,Blank:0,0,Blank:0,0,Blank
1,0,Grass:1,0,Grass:1,0,Grass:1,0,Grass:2,0,Cliff:4,1,Cliff:5,0,Water:5,0,Water:5,0,Water:5,0,Water:5,0,Water:0,0,Blank:0,0,Blank:0,0,Blank:0,0,Blank:0,0,Blank:0,0,Blank:0,0,Blank:0,0,Blank:0,0,Blank:0,0,Blank:0,0,Blank:0,0,Blank:0,0,Blank:0,0,Blank
1,0,Grass:1,0,Grass:0,1,Grass:1,0,Grass:1,1,Cliff:5,0,Water:5,0,Water:5,0,Water:5,0,Water:5,0,Water:5,0,Water:0,0,Blank:0,0,Blank:0,0,Blank:0,0,Blank:0,0,Blank:0,0,Blank:0,0,Blank:0,0,Blank:0,0,Blank:0,0,Blank:0,0,Blank:0,0,Blank:0,0,Blank:0,0,Blank
1,0,Grass:1,0,Grass:1,0,Grass:1,0,Grass:1,1,Cliff:5,0,Water:5,0,Water:5,0,Water:5,0,Water:5,0,Water:5,0,Water:0,0,Blank:0,0,Blank:0,0,Blank:0,0,Blank:0,0,Blank:0,0,Blank:0,0,Blank:0,0,Blank:0,0,Blank:0,0,Blank:0,0,Blank:0,0,Blank:0,0,Blank:0,0,Blank
0,0,Blank:0,0,Blank:0,0,Blank:0,0,Blank:0,0,Blank:0,0,Blank:0,0,Blank:0,0,Blank:0,0,Blank:0,0,Blank:0,0,Blank:0,0,Blank:0,0,Blank:0,0,Blank:0,0,Blank:0,0,Blank:0,0,Blank:0,0,Blank:0,0,Blank:0,0,Blank:0,0,Blank:0,0,Blank:0,0,Blank:0,0,Blank:0,0,Blank
0,0,Blank:0,0,Blank:0,0,Blank:0,0,Blank:0,0,Blank:0,0,Blank:0,0,Blank:0,0,Blank:0,0,Blank:0,0,Blank:0,0,Blank:0,0,Blank:0,0,Blank:0,0,Blank:0,0,Blank:0,0,Blank:0,0,Blank:0,0,Blank:0,0,Blank:0,0,Blank:0,0,Blank:0,0,Blank:0,0,Blank:0,0,Blank:0,0,Blank
0,0,Blank:0,0,Blank:0,0,Blank:0,0,Blank:0,0,Blank:0,0,Blank:0,0,Blank:0,0,Blank:0,0,Blank:0,0,Blank:0,0,Blank:0,0,Blank:0,0,Blank:0,0,Blank:0,0,Blank:0,0,Blank:0,0,Blank:0,0,Blank:0,0,Blank:0,0,Blank:0,0,Blank:0,0,Blank:0,0,Blank:0,0,Blank:0,0,Blank
0,0,Blank:0,0,Blank:0,0,Blank:0,0,Blank:0,0,Blank:0,0,Blank:0,0,Blank:0,0,Blank:0,0,Blank:0,0,Blank:0,0,Blank:0,0,Blank:0,0,Blank:0,0,Blank:0,0,Blank:0,0,Blank:0,0,Blank:0,0,Blank:0,0,Blank:0,0,Blank:0,0,Blank:0,0,Blank:0,0,Blank:0,0,Blank:0,0,Blank
0,0,Blank:0,0,Blank:0,0,Blank:0,0,Blank:0,0,Blank:0,0,Blank:0,0,Blank:0,0,Blank:0,0,Blank:0,0,Blank:0,0,Blank:0,0,Blank:0,0,Blank:0,0,Blank:0,0,Blank:0,0,Blank:0,0,Blank:0,0,Blank:0,0,Blank:0,0,Blank:0,0,Blank:0,0,Blank:0,0,Blank:0,0,Blank:0,0,Blank
0,0,Blank:0,0,Blank:0,0,Blank:0,0,Blank:0,0,Blank:0,0,Blank:0,0,Blank:0,0,Blank:0,0,Blank:0,0,Blank:0,0,Blank:0,0,Blank:0,0,Blank:0,0,Blank:0,0,Blank:0,0,Blank:0,0,Blank:0,0,Blank:0,0,Blank:0,0,Blank:0,0,Blank:0,0,Blank:0,0,Blank:0,0,Blank:0,0,Blank
0,0,Blank:0,0,Blank:0,0,Blank:0,0,Blank:0,0,Blank:0,0,Blank:0,0,Blank:0,0,Blank:0,0,Blank:0,0,Blank:0,0,Blank:0,0,Blank:0,0,Blank:0,0,Blank:0,0,Blank:0,0,Blank:0,0,Blank:0,0,Blank:0,0,Blank:0,0,Blank:0,0,Blank:0,0,Blank:0,0,Blank:0,0,Blank:0,0,Blank
0,0,Blank:0,0,Blank:0,0,Blank:0,0,Blank:0,0,Blank:0,0,Blank:0,0,Blank:0,0,Blank:0,0,Blank:0,0,Blank:0,0,Blank:0,0,Blank:0,0,Blank:0,0,Blank:0,0,Blank:0,0,Blank:0,0,Blank:0,0,Blank:0,0,Blank:0,0,Blank:0,0,Blank:0,0,Blank:0,0,Blank:0,0,Blank:0,0,Blank
0,0,Blank:0,0,Blank:0,0,Blank:0,0,Blank:0,0,Blank:0,0,Blank:0,0,Blank:0,0,Blank:0,0,Blank:0,0,Blank:0,0,Blank:0,0,Blank:0,0,Blank:0,0,Blank:0,0,Blank:0,0,Blank:0,0,Blank:0,0,Blank:0,0,Blank:0,0,Blank:0,0,Blank:0,0,Blank:0,0,Blank:0,0,Blank:0,0,Blank
0,0,Blank:0,0,Blank:0,0,Blank:0,0,Blank:0,0,Blank:0,0,Blank:0,0,Blank:0,0,Blank:0,0,Blank:0,0,Blank:0,0,Blank:0,0,Blank:0,0,Blank:0,0,Blank:0,0,Blank:0,0,Blank:0,0,Blank:0,0,Blank:0,0,Blank:0,0,Blank:0,0,Blank:0,0,Blank:0,0,Blank:0,0,Blank:0,0,Blank
0,0,Blank:0,0,Blank:0,0,Blank:0,0,Blank:0,0,Blank:0,0,Blank:0,0,Blank:0,0,Blank:0,0,Blank:0,0,Blank:0,0,Blank:0,0,Blank:0,0,Blank:0,0,Blank:0,0,Blank:0,0,Blank:0,0,Blank:0,0,Blank:0,0,Blank:0,0,Blank:0,0,Blank:0,0,Blank:0,0,Blank:0,0,Blank:0,0,Blank
0,0,Blank:0,0,Blank:0,0,Blank:0,0,Blank:0,0,Blank:0,0,Blank:0,0,Blank:0,0,Blank:0,0,Blank:0,0,Blank:0,0,Blank:0,0,Blank:0,0,Blank:0,0,Blank:0,0,Blank:0,0,Blank:0,0,Blank:0,0,Blank:0,0,Blank:0,0,Blank:0,0,Blank:0,0,Blank:0,0,Blank:0,0,Blank:0,0,Blank
0,0,Blank:0,0,Blank:0,0,Blank:0,0,Blank:0,0,Blank:0,0,Blank:0,0,Blank:0,0,Blank:0,0,Blank:0,0,Blank:0,0,Blank:0,0,Blank:0,0,Blank:0,0,Blank:0,0,Blank:0,0,Blank:0,0,Blank:0,0,Blank:0,0,Blank:0,0,Blank:0,0,Blank:0,0,Blank:0,0,Blank:0,0,Blank:0,0,Blank
0,0,Blank:0,0,Blank:0,0,Blank:0,0,Blank:0,0,Blank:0,0,Blank:0,0,Blank:0,0,Blank:0,0,Blank:0,0,Blank:0,0,Blank:0,0,Blank:0,0,Blank:0,0,Blank:0,0,Blank:0,0,Blank:0,0,Blank:0,0,Blank:0,0,Blank:0,0,Blank:0,0,Blank:0,0,Blank:0,0,Blank:0,0,Blank:0,0,Blank
